test/types.ts(5,14): error TS2363: The right-hand side of an arithmetic operation must be of type 'any', 'number' or an enum type.
